conda version 25.3.0 python 3.12.10 unloaded.
conda version 25.3.0 python 3.12.10 loaded.
This is WhatsHap 2.8 running under Python 3.12.12
WARNING: Read group "1 SM:NA12879 PL:ONT" does not contain an SM field to assign it to a sample. Use --ignore-read-groups to use these alignments anyway.
Working on 1 sample from 1 family

# Working on contig chr1 in individual NA12879
Found 205765 usable heterozygous variants (0 skipped due to missing genotypes)
Number of supplementary alignments: 0
Number of non-singleton groups: 0
Skipped 0 groups
Found 55449 reads covering 204556 variants
Kept 50003 reads that cover at least two variants each
Selected 40796 most phase-informative reads covering 204555 variants
Best-case phasing would result in 22 non-singleton phased blocks (0 singletons). 
Phasing 1 sample by solving the MEC problem ...
Largest block contains 66534 variants (32.5% of accessible variants) between position 5647 and 75995846

# Working on contig chr2 in individual NA12879
Found 208363 usable heterozygous variants (0 skipped due to missing genotypes)
Number of supplementary alignments: 0
Number of non-singleton groups: 0
Skipped 0 groups
Found 58174 reads covering 208065 variants
Kept 52404 reads that cover at least two variants each
Selected 42810 most phase-informative reads covering 208062 variants
Best-case phasing would result in 12 non-singleton phased blocks (0 singletons). 
Phasing 1 sample by solving the MEC problem ...
Largest block contains 58039 variants (27.9% of accessible variants) between position 136684678 and 208708815

# Working on contig chr3 in individual NA12879
Found 187523 usable heterozygous variants (0 skipped due to missing genotypes)
Number of supplementary alignments: 0
Number of non-singleton groups: 0
Skipped 0 groups
Found 48503 reads covering 187362 variants
Kept 43910 reads that cover at least two variants each
Selected 35434 most phase-informative reads covering 187359 variants
Best-case phasing would result in 25 non-singleton phased blocks (0 singletons). 
Phasing 1 sample by solving the MEC problem ...
Largest block contains 49944 variants (26.7% of accessible variants) between position 29546 and 48465513

# Working on contig chr4 in individual NA12879
Found 189539 usable heterozygous variants (0 skipped due to missing genotypes)
Number of supplementary alignments: 0
Number of non-singleton groups: 0
Skipped 0 groups
Found 46675 reads covering 189447 variants
Kept 42113 reads that cover at least two variants each
Selected 34066 most phase-informative reads covering 189446 variants
Best-case phasing would result in 14 non-singleton phased blocks (0 singletons). 
Phasing 1 sample by solving the MEC problem ...
Largest block contains 71087 variants (37.5% of accessible variants) between position 121966557 and 193563625

# Working on contig chr5 in individual NA12879
Found 163726 usable heterozygous variants (0 skipped due to missing genotypes)
Number of supplementary alignments: 0
Number of non-singleton groups: 0
Skipped 0 groups
Found 43937 reads covering 163523 variants
Kept 39475 reads that cover at least two variants each
Selected 31796 most phase-informative reads covering 163520 variants
Best-case phasing would result in 9 non-singleton phased blocks (0 singletons). 
Phasing 1 sample by solving the MEC problem ...
Largest block contains 58752 variants (35.9% of accessible variants) between position 50413057 and 119275556

# Working on contig chr6 in individual NA12879
Found 173832 usable heterozygous variants (0 skipped due to missing genotypes)
Number of supplementary alignments: 0
Number of non-singleton groups: 0
Skipped 0 groups
Found 42214 reads covering 173781 variants
Kept 38131 reads that cover at least two variants each
Selected 30478 most phase-informative reads covering 173781 variants
Best-case phasing would result in 4 non-singleton phased blocks (0 singletons). 
Phasing 1 sample by solving the MEC problem ...
Largest block contains 72243 variants (41.6% of accessible variants) between position 2839 and 58514916

# Working on contig chr7 in individual NA12879
Found 158337 usable heterozygous variants (0 skipped due to missing genotypes)
Number of supplementary alignments: 0
Number of non-singleton groups: 0
Skipped 0 groups
Found 38230 reads covering 158257 variants
Kept 34604 reads that cover at least two variants each
Selected 28474 most phase-informative reads covering 158256 variants
Best-case phasing would result in 7 non-singleton phased blocks (0 singletons). 
Phasing 1 sample by solving the MEC problem ...
Largest block contains 76479 variants (48.3% of accessible variants) between position 76644087 and 160563456

# Working on contig chr8 in individual NA12879
Found 135817 usable heterozygous variants (0 skipped due to missing genotypes)
Number of supplementary alignments: 0
Number of non-singleton groups: 0
Skipped 0 groups
Found 34497 reads covering 135800 variants
Kept 30808 reads that cover at least two variants each
Selected 25240 most phase-informative reads covering 135800 variants
Best-case phasing would result in 7 non-singleton phased blocks (0 singletons). 
Phasing 1 sample by solving the MEC problem ...
Largest block contains 53843 variants (39.6% of accessible variants) between position 8243 and 45460390

# Working on contig chr9 in individual NA12879
Found 123526 usable heterozygous variants (0 skipped due to missing genotypes)
Number of supplementary alignments: 0
Number of non-singleton groups: 0
Skipped 0 groups
Found 29811 reads covering 121301 variants
Kept 27203 reads that cover at least two variants each
Selected 22062 most phase-informative reads covering 121296 variants
Best-case phasing would result in 47 non-singleton phased blocks (0 singletons). 
Phasing 1 sample by solving the MEC problem ...
Largest block contains 47989 variants (39.6% of accessible variants) between position 10916 and 45170295

# Working on contig chr10 in individual NA12879
Found 133487 usable heterozygous variants (0 skipped due to missing genotypes)
Number of supplementary alignments: 0
Number of non-singleton groups: 0
Skipped 0 groups
Found 32396 reads covering 133440 variants
Kept 29409 reads that cover at least two variants each
Selected 24164 most phase-informative reads covering 133440 variants
Best-case phasing would result in 6 non-singleton phased blocks (0 singletons). 
Phasing 1 sample by solving the MEC problem ...
Largest block contains 87842 variants (65.8% of accessible variants) between position 42745697 and 134752568

# Working on contig chr11 in individual NA12879
Found 130367 usable heterozygous variants (0 skipped due to missing genotypes)
Number of supplementary alignments: 0
Number of non-singleton groups: 0
Skipped 0 groups
Found 31927 reads covering 130108 variants
Kept 28700 reads that cover at least two variants each
Selected 23454 most phase-informative reads covering 130106 variants
Best-case phasing would result in 10 non-singleton phased blocks (0 singletons). 
Phasing 1 sample by solving the MEC problem ...
Largest block contains 40741 variants (31.3% of accessible variants) between position 361349 and 37665103

# Working on contig chr12 in individual NA12879
Found 126086 usable heterozygous variants (0 skipped due to missing genotypes)
Number of supplementary alignments: 0
Number of non-singleton groups: 0
Skipped 0 groups
Found 32315 reads covering 126060 variants
Kept 29054 reads that cover at least two variants each
Selected 23651 most phase-informative reads covering 126060 variants
Best-case phasing would result in 4 non-singleton phased blocks (0 singletons). 
Phasing 1 sample by solving the MEC problem ...
Largest block contains 86270 variants (68.4% of accessible variants) between position 36244670 and 133322339

# Working on contig chr13 in individual NA12879
Found 102069 usable heterozygous variants (0 skipped due to missing genotypes)
Number of supplementary alignments: 0
Number of non-singleton groups: 0
Skipped 0 groups
Found 24896 reads covering 101708 variants
Kept 22555 reads that cover at least two variants each
Selected 18176 most phase-informative reads covering 101702 variants
Best-case phasing would result in 12 non-singleton phased blocks (0 singletons). 
Phasing 1 sample by solving the MEC problem ...
Largest block contains 86440 variants (85.0% of accessible variants) between position 28610642 and 113563267

# Working on contig chr14 in individual NA12879
Found 103313 usable heterozygous variants (0 skipped due to missing genotypes)
Number of supplementary alignments: 0
Number of non-singleton groups: 0
Skipped 0 groups
Found 23592 reads covering 103137 variants
Kept 21417 reads that cover at least two variants each
Selected 17397 most phase-informative reads covering 103136 variants
Best-case phasing would result in 11 non-singleton phased blocks (0 singletons). 
Phasing 1 sample by solving the MEC problem ...
Largest block contains 83003 variants (80.5% of accessible variants) between position 12503381 and 99965635

# Working on contig chr15 in individual NA12879
Found 84504 usable heterozygous variants (0 skipped due to missing genotypes)
Number of supplementary alignments: 0
Number of non-singleton groups: 0
Skipped 0 groups
Found 21523 reads covering 84399 variants
Kept 19454 reads that cover at least two variants each
Selected 15689 most phase-informative reads covering 84389 variants
Best-case phasing would result in 25 non-singleton phased blocks (0 singletons). 
Phasing 1 sample by solving the MEC problem ...
Largest block contains 46202 variants (54.7% of accessible variants) between position 18444501 and 71505740

# Working on contig chr16 in individual NA12879
Found 81603 usable heterozygous variants (0 skipped due to missing genotypes)
Number of supplementary alignments: 0
Number of non-singleton groups: 0
Skipped 0 groups
Found 18710 reads covering 81353 variants
Kept 16720 reads that cover at least two variants each
Selected 13959 most phase-informative reads covering 81344 variants
Best-case phasing would result in 38 non-singleton phased blocks (0 singletons). 
Phasing 1 sample by solving the MEC problem ...
Largest block contains 25090 variants (30.8% of accessible variants) between position 733126 and 21633482

# Working on contig chr17 in individual NA12879
Found 80276 usable heterozygous variants (0 skipped due to missing genotypes)
Number of supplementary alignments: 0
Number of non-singleton groups: 0
Skipped 0 groups
Found 19396 reads covering 80097 variants
Kept 17695 reads that cover at least two variants each
Selected 14651 most phase-informative reads covering 80097 variants
Best-case phasing would result in 21 non-singleton phased blocks (0 singletons). 
Phasing 1 sample by solving the MEC problem ...
Largest block contains 27130 variants (33.9% of accessible variants) between position 56817890 and 83880359

# Working on contig chr18 in individual NA12879
Found 74739 usable heterozygous variants (0 skipped due to missing genotypes)
Number of supplementary alignments: 0
Number of non-singleton groups: 0
Skipped 0 groups
Found 18827 reads covering 74689 variants
Kept 17040 reads that cover at least two variants each
Selected 14000 most phase-informative reads covering 74688 variants
Best-case phasing would result in 7 non-singleton phased blocks (0 singletons). 
Phasing 1 sample by solving the MEC problem ...
Largest block contains 55500 variants (74.3% of accessible variants) between position 19984888 and 80521309

# Working on contig chr19 in individual NA12879
Found 64102 usable heterozygous variants (0 skipped due to missing genotypes)
Number of supplementary alignments: 0
Number of non-singleton groups: 0
Skipped 0 groups
Found 13541 reads covering 63570 variants
Kept 12401 reads that cover at least two variants each
Selected 10490 most phase-informative reads covering 63568 variants
Best-case phasing would result in 8 non-singleton phased blocks (0 singletons). 
Phasing 1 sample by solving the MEC problem ...
Largest block contains 33942 variants (53.4% of accessible variants) between position 29224340 and 61704094

# Working on contig chr20 in individual NA12879
Found 60076 usable heterozygous variants (0 skipped due to missing genotypes)
Number of supplementary alignments: 0
Number of non-singleton groups: 0
Skipped 0 groups
Found 15089 reads covering 59803 variants
Kept 13634 reads that cover at least two variants each
Selected 11034 most phase-informative reads covering 59798 variants
Best-case phasing would result in 9 non-singleton phased blocks (0 singletons). 
Phasing 1 sample by solving the MEC problem ...
Largest block contains 31958 variants (53.4% of accessible variants) between position 32765763 and 66207038

# Working on contig chr21 in individual NA12879
Found 45845 usable heterozygous variants (0 skipped due to missing genotypes)
Number of supplementary alignments: 0
Number of non-singleton groups: 0
Skipped 0 groups
Found 10308 reads covering 45824 variants
Kept 9422 reads that cover at least two variants each
Selected 7468 most phase-informative reads covering 45824 variants
Best-case phasing would result in 4 non-singleton phased blocks (0 singletons). 
Phasing 1 sample by solving the MEC problem ...
Largest block contains 37583 variants (82.0% of accessible variants) between position 7190494 and 45085610

# Working on contig chr22 in individual NA12879
Found 53752 usable heterozygous variants (0 skipped due to missing genotypes)
Number of supplementary alignments: 0
Number of non-singleton groups: 0
Skipped 0 groups
Found 10028 reads covering 53036 variants
Kept 9212 reads that cover at least two variants each
Selected 7713 most phase-informative reads covering 53032 variants
Best-case phasing would result in 17 non-singleton phased blocks (0 singletons). 
Phasing 1 sample by solving the MEC problem ...
Largest block contains 33596 variants (63.4% of accessible variants) between position 19869399 and 51322109

# Working on contig chrX in individual NA12879
Found 87234 usable heterozygous variants (0 skipped due to missing genotypes)
Number of supplementary alignments: 0
Number of non-singleton groups: 0
Skipped 0 groups
Found 33841 reads covering 87036 variants
Kept 29575 reads that cover at least two variants each
Selected 24607 most phase-informative reads covering 87035 variants
Best-case phasing would result in 10 non-singleton phased blocks (0 singletons). 
Phasing 1 sample by solving the MEC problem ...
Largest block contains 33245 variants (38.2% of accessible variants) between position 90345009 and 152842645

# Working on contig chrY in individual NA12879
Found 97 usable heterozygous variants (0 skipped due to missing genotypes)
Number of supplementary alignments: 0
Number of non-singleton groups: 0
Skipped 0 groups
Found 0 reads covering 0 variants
Kept 0 reads that cover at least two variants each
Selected 0 most phase-informative reads covering 0 variants
Best-case phasing would result in 0 non-singleton phased blocks (0 singletons). 
Phasing 1 sample by solving the MEC problem ...
No. of phased blocks: 0
WARNING: Skipping duplicated position 5317 on chromosome 'chrM' Hiding further warnings of this type, use --debug to show

# Working on contig chrM in individual NA12879
Found 39 usable heterozygous variants (0 skipped due to missing genotypes)
Number of supplementary alignments: 0
Number of non-singleton groups: 0
Skipped 0 groups
Found 2763 reads covering 29 variants
Kept 2642 reads that cover at least two variants each
Selected 15 most phase-informative reads covering 29 variants
Best-case phasing would result in 1 non-singleton phased block (0 singletons). 
Phasing 1 sample by solving the MEC problem ...
Largest block contains 29 variants (100.0% of accessible variants) between position 4279 and 16496

# Resource usage
Maximum memory usage: 1.886 GB
Time spent reading BAM/CRAM:                 1452.3 s
Time spent parsing VCF:                       127.6 s
Time spent selecting reads:                   231.5 s
Time spent phasing:                          5226.7 s
Time spent writing VCF:                       219.5 s
Time spent finding components:                 37.2 s
Time spent on rest:                           618.2 s
Total elapsed time:                          7913.0 s
Found 1 sample(s) in input VCF
Reporting results for sample NA12879
WARNING: Skipping duplicated position 5317 on chromosome 'chrM' Hiding further warnings of this type, use --debug to show
Found 1 sample(s) in input VCF
Found 1 sample(s) in BAM file
WARNING: Read group "1 SM:NA12879 PL:ONT" does not contain an SM field to assign it to a sample. Use --ignore-read-groups to use these alignments anyway.
Number of supplementary alignments: 0
Number of non-singleton groups: 0
Skipped 0 groups
Found 55376 reads covering 203317 variants
Number of supplementary alignments: 0
Number of non-singleton groups: 0
Skipped 0 groups
Found 58108 reads covering 206890 variants
Number of supplementary alignments: 0
Number of non-singleton groups: 0
Skipped 0 groups
Found 48461 reads covering 186382 variants
Number of supplementary alignments: 0
Number of non-singleton groups: 0
Skipped 0 groups
Found 46635 reads covering 188510 variants
Number of supplementary alignments: 0
Number of non-singleton groups: 0
Skipped 0 groups
Found 43903 reads covering 162616 variants
Number of supplementary alignments: 0
Number of non-singleton groups: 0
Skipped 0 groups
Found 42180 reads covering 172894 variants
Number of supplementary alignments: 0
Number of non-singleton groups: 0
Skipped 0 groups
Found 38201 reads covering 157340 variants
Number of supplementary alignments: 0
Number of non-singleton groups: 0
Skipped 0 groups
Found 34466 reads covering 135131 variants
Number of supplementary alignments: 0
Number of non-singleton groups: 0
Skipped 0 groups
Found 29778 reads covering 120416 variants
Number of supplementary alignments: 0
Number of non-singleton groups: 0
Skipped 0 groups
Found 32376 reads covering 132715 variants
Number of supplementary alignments: 0
Number of non-singleton groups: 0
Skipped 0 groups
Found 31882 reads covering 129457 variants
Number of supplementary alignments: 0
Number of non-singleton groups: 0
Skipped 0 groups
Found 32292 reads covering 125229 variants
Number of supplementary alignments: 0
Number of non-singleton groups: 0
Skipped 0 groups
Found 24875 reads covering 101194 variants
Number of supplementary alignments: 0
Number of non-singleton groups: 0
Skipped 0 groups
Found 23579 reads covering 102449 variants
Number of supplementary alignments: 0
Number of non-singleton groups: 0
Skipped 0 groups
Found 21492 reads covering 83859 variants
Number of supplementary alignments: 0
Number of non-singleton groups: 0
Skipped 0 groups
Found 18682 reads covering 80879 variants
Number of supplementary alignments: 0
Number of non-singleton groups: 0
Skipped 0 groups
Found 19376 reads covering 79420 variants
Number of supplementary alignments: 0
Number of non-singleton groups: 0
Skipped 0 groups
Found 18814 reads covering 74284 variants
Number of supplementary alignments: 0
Number of non-singleton groups: 0
Skipped 0 groups
Found 13529 reads covering 63048 variants
Number of supplementary alignments: 0
Number of non-singleton groups: 0
Skipped 0 groups
Found 15083 reads covering 59354 variants
Number of supplementary alignments: 0
Number of non-singleton groups: 0
Skipped 0 groups
Found 10301 reads covering 45479 variants
Number of supplementary alignments: 0
Number of non-singleton groups: 0
Skipped 0 groups
Found 10022 reads covering 52503 variants
Number of supplementary alignments: 0
Number of non-singleton groups: 0
Skipped 0 groups
Found 33807 reads covering 86414 variants
Number of supplementary alignments: 0
Number of non-singleton groups: 0
Skipped 0 groups
Found 0 reads covering 0 variants
WARNING: Skipping duplicated position 5317 on chromosome 'chrM' Hiding further warnings of this type, use --debug to show
Number of supplementary alignments: 0
Number of non-singleton groups: 0
Skipped 0 groups
Found 2763 reads covering 29 variants

== SUMMARY ==
Total alignments processed:                    959916
Alignments that could be tagged:               699545
Alignments spanning multiple phase sets:            0
Finished in 3639.1 s
