conda version 25.3.0 python 3.12.10 unloaded.
conda version 25.3.0 python 3.12.10 loaded.
This is WhatsHap 2.8 running under Python 3.12.12
Working on 1 sample from 1 family

# Working on contig chr1 in individual NA12879
Found 45 usable heterozygous variants (0 skipped due to missing genotypes)
Number of supplementary alignments: 0
Number of non-singleton groups: 0
Skipped 0 groups
Found 117 reads covering 45 variants
Kept 75 reads that cover at least two variants each
Selected 75 most phase-informative reads covering 44 variants
Best-case phasing would result in 9 non-singleton phased blocks (0 singletons). 
Phasing 1 sample by solving the MEC problem ...
Largest block contains 8 variants (18.2% of accessible variants) between position 79074269 and 79109738

# Working on contig chr10 in individual NA12879
Found 134 usable heterozygous variants (0 skipped due to missing genotypes)
Number of supplementary alignments: 0
Number of non-singleton groups: 0
Skipped 0 groups
Found 49 reads covering 134 variants
Kept 39 reads that cover at least two variants each
Selected 39 most phase-informative reads covering 134 variants
Best-case phasing would result in 3 non-singleton phased blocks (0 singletons). 
Phasing 1 sample by solving the MEC problem ...
Largest block contains 76 variants (56.7% of accessible variants) between position 73219111 and 73247933

# Working on contig chr11 in individual NA12879
Found 129 usable heterozygous variants (0 skipped due to missing genotypes)
Number of supplementary alignments: 0
Number of non-singleton groups: 0
Skipped 0 groups
Found 48 reads covering 129 variants
Kept 37 reads that cover at least two variants each
Selected 37 most phase-informative reads covering 129 variants
Best-case phasing would result in 4 non-singleton phased blocks (0 singletons). 
Phasing 1 sample by solving the MEC problem ...
Largest block contains 86 variants (66.7% of accessible variants) between position 72028157 and 72067956

# Working on contig chr12 in individual NA12879
Found 125 usable heterozygous variants (0 skipped due to missing genotypes)
Number of supplementary alignments: 0
Number of non-singleton groups: 0
Skipped 0 groups
Found 57 reads covering 125 variants
Kept 53 reads that cover at least two variants each
Selected 53 most phase-informative reads covering 125 variants
Best-case phasing would result in 3 non-singleton phased blocks (0 singletons). 
Phasing 1 sample by solving the MEC problem ...
Largest block contains 46 variants (36.8% of accessible variants) between position 3778590 and 3815979

# Working on contig chr13 in individual NA12879
Found 76 usable heterozygous variants (0 skipped due to missing genotypes)
Number of supplementary alignments: 0
Number of non-singleton groups: 0
Skipped 0 groups
Found 71 reads covering 76 variants
Kept 54 reads that cover at least two variants each
Selected 54 most phase-informative reads covering 76 variants
Best-case phasing would result in 4 non-singleton phased blocks (0 singletons). 
Phasing 1 sample by solving the MEC problem ...
Largest block contains 41 variants (53.9% of accessible variants) between position 71146155 and 71184268

# Working on contig chr14 in individual NA12879
Found 90 usable heterozygous variants (0 skipped due to missing genotypes)
Number of supplementary alignments: 0
Number of non-singleton groups: 0
Skipped 0 groups
Found 43 reads covering 90 variants
Kept 34 reads that cover at least two variants each
Selected 34 most phase-informative reads covering 90 variants
Best-case phasing would result in 3 non-singleton phased blocks (0 singletons). 
Phasing 1 sample by solving the MEC problem ...
Largest block contains 74 variants (82.2% of accessible variants) between position 33120710 and 33157975

# Working on contig chr15 in individual NA12879
Found 54 usable heterozygous variants (0 skipped due to missing genotypes)
Number of supplementary alignments: 0
Number of non-singleton groups: 0
Skipped 0 groups
Found 37 reads covering 54 variants
Kept 33 reads that cover at least two variants each
Selected 33 most phase-informative reads covering 54 variants
Best-case phasing would result in 2 non-singleton phased blocks (0 singletons). 
Phasing 1 sample by solving the MEC problem ...
Largest block contains 43 variants (79.6% of accessible variants) between position 15074752 and 15112169

# Working on contig chr16 in individual NA12879
Found 4 usable heterozygous variants (0 skipped due to missing genotypes)
Number of supplementary alignments: 0
Number of non-singleton groups: 0
Skipped 0 groups
Found 14 reads covering 4 variants
Kept 14 reads that cover at least two variants each
Selected 14 most phase-informative reads covering 4 variants
Best-case phasing would result in 1 non-singleton phased block (0 singletons). 
Phasing 1 sample by solving the MEC problem ...
Largest block contains 4 variants (100.0% of accessible variants) between position 58149241 and 58161905

# Working on contig chr17 in individual NA12879
Found 71 usable heterozygous variants (0 skipped due to missing genotypes)
Number of supplementary alignments: 0
Number of non-singleton groups: 0
Skipped 0 groups
Found 15 reads covering 71 variants
Kept 15 reads that cover at least two variants each
Selected 15 most phase-informative reads covering 71 variants
Best-case phasing would result in 1 non-singleton phased block (0 singletons). 
Phasing 1 sample by solving the MEC problem ...
Largest block contains 71 variants (100.0% of accessible variants) between position 13551128 and 13588268

# Working on contig chr18 in individual NA12879
Found 3 usable heterozygous variants (0 skipped due to missing genotypes)
Number of supplementary alignments: 0
Number of non-singleton groups: 0
Skipped 0 groups
Found 17 reads covering 3 variants
Kept 7 reads that cover at least two variants each
Selected 7 most phase-informative reads covering 3 variants
Best-case phasing would result in 1 non-singleton phased block (0 singletons). 
Phasing 1 sample by solving the MEC problem ...
Largest block contains 3 variants (100.0% of accessible variants) between position 57113207 and 57139081

# Working on contig chr2 in individual NA12879
Found 61 usable heterozygous variants (0 skipped due to missing genotypes)
Number of supplementary alignments: 0
Number of non-singleton groups: 0
Skipped 0 groups
Found 53 reads covering 61 variants
Kept 40 reads that cover at least two variants each
Selected 40 most phase-informative reads covering 61 variants
Best-case phasing would result in 3 non-singleton phased blocks (0 singletons). 
Phasing 1 sample by solving the MEC problem ...
Largest block contains 45 variants (73.8% of accessible variants) between position 181572898 and 181611125

# Working on contig chr21 in individual NA12879
Found 8 usable heterozygous variants (0 skipped due to missing genotypes)
Number of supplementary alignments: 0
Number of non-singleton groups: 0
Skipped 0 groups
Found 18 reads covering 8 variants
Kept 12 reads that cover at least two variants each
Selected 12 most phase-informative reads covering 8 variants
Best-case phasing would result in 1 non-singleton phased block (0 singletons). 
Phasing 1 sample by solving the MEC problem ...
Largest block contains 8 variants (100.0% of accessible variants) between position 11477608 and 11507023

# Working on contig chr22 in individual NA12879
Found 10 usable heterozygous variants (0 skipped due to missing genotypes)
Number of supplementary alignments: 0
Number of non-singleton groups: 0
Skipped 0 groups
Found 13 reads covering 9 variants
Kept 12 reads that cover at least two variants each
Selected 12 most phase-informative reads covering 9 variants
Best-case phasing would result in 1 non-singleton phased block (0 singletons). 
Phasing 1 sample by solving the MEC problem ...
Largest block contains 9 variants (100.0% of accessible variants) between position 21327184 and 21358235

# Working on contig chr3 in individual NA12879
Found 50 usable heterozygous variants (0 skipped due to missing genotypes)
Number of supplementary alignments: 0
Number of non-singleton groups: 0
Skipped 0 groups
Found 34 reads covering 50 variants
Kept 26 reads that cover at least two variants each
Selected 26 most phase-informative reads covering 50 variants
Best-case phasing would result in 3 non-singleton phased blocks (0 singletons). 
Phasing 1 sample by solving the MEC problem ...
Largest block contains 43 variants (86.0% of accessible variants) between position 141749357 and 141787303

# Working on contig chr4 in individual NA12879
Found 192 usable heterozygous variants (0 skipped due to missing genotypes)
Number of supplementary alignments: 0
Number of non-singleton groups: 0
Skipped 0 groups
Found 74 reads covering 187 variants
Kept 67 reads that cover at least two variants each
Selected 67 most phase-informative reads covering 187 variants
Best-case phasing would result in 5 non-singleton phased blocks (0 singletons). 
Phasing 1 sample by solving the MEC problem ...
Largest block contains 111 variants (59.4% of accessible variants) between position 124819341 and 124856876

# Working on contig chr5 in individual NA12879
Found 90 usable heterozygous variants (0 skipped due to missing genotypes)
Number of supplementary alignments: 0
Number of non-singleton groups: 0
Skipped 0 groups
Found 33 reads covering 90 variants
Kept 33 reads that cover at least two variants each
Selected 32 most phase-informative reads covering 90 variants
Best-case phasing would result in 1 non-singleton phased block (0 singletons). 
Phasing 1 sample by solving the MEC problem ...
Largest block contains 90 variants (100.0% of accessible variants) between position 65611318 and 65650168

# Working on contig chr7 in individual NA12879
Found 101 usable heterozygous variants (0 skipped due to missing genotypes)
Number of supplementary alignments: 0
Number of non-singleton groups: 0
Skipped 0 groups
Found 25 reads covering 101 variants
Kept 24 reads that cover at least two variants each
Selected 24 most phase-informative reads covering 101 variants
Best-case phasing would result in 2 non-singleton phased blocks (0 singletons). 
Phasing 1 sample by solving the MEC problem ...
Largest block contains 72 variants (71.3% of accessible variants) between position 28883809 and 28921170

# Working on contig chr8 in individual NA12879
Found 26 usable heterozygous variants (0 skipped due to missing genotypes)
Number of supplementary alignments: 0
Number of non-singleton groups: 0
Skipped 0 groups
Found 41 reads covering 26 variants
Kept 20 reads that cover at least two variants each
Selected 20 most phase-informative reads covering 26 variants
Best-case phasing would result in 4 non-singleton phased blocks (0 singletons). 
Phasing 1 sample by solving the MEC problem ...
Largest block contains 13 variants (50.0% of accessible variants) between position 16366343 and 16397646

# Resource usage
Maximum memory usage: 0.551 GB
Time spent reading BAM/CRAM:                   74.3 s
Time spent parsing VCF:                         0.1 s
Time spent selecting reads:                     0.0 s
Time spent phasing:                             0.2 s
Time spent writing VCF:                         0.1 s
Time spent finding components:                  0.0 s
Time spent on rest:                             0.3 s
Total elapsed time:                            75.1 s
Found 1 sample(s) in input VCF
Reporting results for sample NA12879
